
Memory Configuration

Name             Origin             Length             Attributes
RAM              0x20000000         0x00005000         xrw
FLASH            0x08000000         0x00010000         xr
*default*        0x00000000         0xffffffff

Linker script and memory map


.text           0x08000000       0x88
 *(.isr_vector)
 .isr_vector    0x08000000        0xc startup_stm32f103xxx.o
 *(.text)
 .text          0x0800000c       0x74 main.o
                0x0800000c                main
 .text          0x08000080        0x8 startup_stm32f103xxx.o
 *(.text*)
                0x08000088                . = ALIGN (0x4)

.glue_7         0x08000088        0x0
 .glue_7        0x08000088        0x0 linker stubs

.glue_7t        0x08000088        0x0
 .glue_7t       0x08000088        0x0 linker stubs

.vfp11_veneer   0x08000088        0x0
 .vfp11_veneer  0x08000088        0x0 linker stubs

.v4_bx          0x08000088        0x0
 .v4_bx         0x08000088        0x0 linker stubs

.iplt           0x08000088        0x0
 .iplt          0x08000088        0x0 startup_stm32f103xxx.o

.rel.dyn        0x08000088        0x0
 .rel.iplt      0x08000088        0x0 startup_stm32f103xxx.o

.data           0x20000000        0x0 load address 0x08000088
                0x20000000                . = ALIGN (0x4)
 *(.data)
 .data          0x20000000        0x0 main.o
 .data          0x20000000        0x0 startup_stm32f103xxx.o
 *(.data*)
                0x20000000                . = ALIGN (0x4)

.igot.plt       0x20000000        0x0 load address 0x08000088
 .igot.plt      0x20000000        0x0 startup_stm32f103xxx.o

.bss            0x20000000        0x0 load address 0x08000088
                0x20000000                . = ALIGN (0x4)
 *(.bss)
 .bss           0x20000000        0x0 main.o
 .bss           0x20000000        0x0 startup_stm32f103xxx.o
 *(.bss*)
                0x20000000                . = ALIGN (0x4)
                0x20001000                . = (. + 0x1000)
                0x20001000                Stack_Top = .
LOAD main.o
LOAD startup_stm32f103xxx.o
OUTPUT(Application.elf elf32-littlearm)
LOAD linker stubs

.debug_info     0x00000000       0xf9
 .debug_info    0x00000000       0xd3 main.o
 .debug_info    0x000000d3       0x26 startup_stm32f103xxx.o

.debug_abbrev   0x00000000       0x88
 .debug_abbrev  0x00000000       0x74 main.o
 .debug_abbrev  0x00000074       0x14 startup_stm32f103xxx.o

.debug_loc      0x00000000       0x38
 .debug_loc     0x00000000       0x38 main.o

.debug_aranges  0x00000000       0x40
 .debug_aranges
                0x00000000       0x20 main.o
 .debug_aranges
                0x00000020       0x20 startup_stm32f103xxx.o

.debug_line     0x00000000       0xd6
 .debug_line    0x00000000       0x8e main.o
 .debug_line    0x0000008e       0x48 startup_stm32f103xxx.o

.debug_str      0x00000000      0x142
 .debug_str     0x00000000      0x11d main.o
                                0x144 (size before relaxing)
 .debug_str     0x0000011d       0x25 startup_stm32f103xxx.o
                                 0x63 (size before relaxing)

.comment        0x00000000       0x4d
 .comment       0x00000000       0x4d main.o
                                 0x4e (size before relaxing)

.ARM.attributes
                0x00000000       0x2b
 .ARM.attributes
                0x00000000       0x2d main.o
 .ARM.attributes
                0x0000002d       0x21 startup_stm32f103xxx.o

.debug_frame    0x00000000       0x2c
 .debug_frame   0x00000000       0x2c main.o
