
Memory Configuration

Name             Origin             Length             Attributes
RAM              0x20000000         0x00005000         xrw
FLASH            0x08000000         0x00010000         xr
*default*        0x00000000         0xffffffff

Linker script and memory map

                0x20005000                _estack = (ORIGIN (RAM) + LENGTH (RAM))
                0x00000200                _Min_Heap_Size = 0x200
                0x00000400                _Min_Stack_Size = 0x400

.isr_vector     0x08000000      0x10c
                0x08000000                . = ALIGN (0x4)
 *(.isr_vector)
 .isr_vector    0x08000000      0x10c startup_stm32f103xxx.o
                0x08000000                vector_Table
                0x0800010c                . = ALIGN (0x4)

.text           0x0800010c       0xdc
                0x0800010c                . = ALIGN (0x4)
 *(.text)
 .text          0x0800010c       0x14 app.o
                0x0800010c                main
 .text          0x08000120       0x98 startup_stm32f103xxx.o
                0x08000120                RTC_Alarm_IRQHandler
                0x08000120                EXTI2_IRQHandler
                0x08000120                DebugMon_Handler
                0x08000120                TIM1_CC_IRQHandler
                0x08000120                HardFault_Handler
                0x08000120                SysTick_Handler
                0x08000120                PVD_IRQHandler
                0x08000120                PendSV_Handler
                0x08000120                NMI_Handler
                0x08000120                BootRAM
                0x08000120                EXTI3_IRQHandler
                0x08000120                EXTI0_IRQHandler
                0x08000120                I2C2_EV_IRQHandler
                0x08000120                UsageFault_Handler
                0x08000120                ADC1_2_IRQHandler
                0x08000120                SPI1_IRQHandler
                0x08000120                TAMPER_IRQHandler
                0x08000120                DMA1_Channel4_IRQHandler
                0x08000120                USART3_IRQHandler
                0x08000120                RTC_IRQHandler
                0x08000120                DMA1_Channel7_IRQHandler
                0x08000120                I2C1_ER_IRQHandler
                0x08000120                CAN1_RX1_IRQHandler
                0x08000120                TIM4_IRQHandler
                0x08000120                I2C1_EV_IRQHandler
                0x08000120                DMA1_Channel6_IRQHandler
                0x08000120                TIM3_IRQHandler
                0x08000120                RCC_IRQHandler
                0x08000120                TIM1_TRG_COM_IRQHandler
                0x08000120                DMA1_Channel1_IRQHandler
                0x08000120                Default_Handler
                0x08000120                EXTI15_10_IRQHandler
                0x08000120                EXTI9_5_IRQHandler
                0x08000120                SPI2_IRQHandler
                0x08000120                MemManage_Handler
                0x08000120                SVC_Handler
                0x08000120                DMA1_Channel5_IRQHandler
                0x08000120                EXTI4_IRQHandler
                0x08000120                USB_LP_CAN1_RX0_IRQHandler
                0x08000120                USB_HP_CAN1_TX_IRQHandler
                0x08000120                DMA1_Channel3_IRQHandler
                0x08000120                TIM1_UP_IRQHandler
                0x08000120                WWDG_IRQHandler
                0x08000120                TIM2_IRQHandler
                0x08000120                TIM1_BRK_IRQHandler
                0x08000120                EXTI1_IRQHandler
                0x08000120                USART2_IRQHandler
                0x08000120                I2C2_ER_IRQHandler
                0x08000120                DMA1_Channel2_IRQHandler
                0x08000120                CAN1_SCE_IRQHandler
                0x08000120                FLASH_IRQHandler
                0x08000120                BusFault_Handler
                0x08000120                USART1_IRQHandler
                0x08000120                USBWakeUp_IRQHandler
                0x0800012c                Reset_Handler
 .text          0x080001b8       0x30 uart.o
                0x080001b8                Uart_Send_String
 *(.text*)
                0x080001e8                . = ALIGN (0x4)
                0x080001e8                _etext = .

.glue_7         0x080001e8        0x0
 .glue_7        0x080001e8        0x0 linker stubs

.glue_7t        0x080001e8        0x0
 .glue_7t       0x080001e8        0x0 linker stubs

.vfp11_veneer   0x080001e8        0x0
 .vfp11_veneer  0x080001e8        0x0 linker stubs

.v4_bx          0x080001e8        0x0
 .v4_bx         0x080001e8        0x0 linker stubs

.iplt           0x080001e8        0x0
 .iplt          0x080001e8        0x0 app.o

.rodata         0x080001e8        0x4
                0x080001e8                . = ALIGN (0x4)
 *(.rodata)
 .rodata        0x080001e8        0x4 startup_stm32f103xxx.o
                0x080001e8                MSP_value
 *(.rodata*)
                0x080001ec                . = ALIGN (0x4)
                0x080001ec                _sidata = LOADADDR (.data)

.rel.dyn        0x080001ec        0x0
 .rel.iplt      0x080001ec        0x0 app.o

.data           0x20000000       0x64 load address 0x080001ec
                0x20000000                . = ALIGN (0x4)
                0x20000000                _sdata = .
 *(.data)
 .data          0x20000000       0x64 app.o
                0x20000000                string_buffer
 .data          0x20000064        0x0 startup_stm32f103xxx.o
 .data          0x20000064        0x0 uart.o
 *(.data*)
                0x20000064                . = ALIGN (0x4)
                0x20000064                _edata = .

.igot.plt       0x20000064        0x0 load address 0x08000250
 .igot.plt      0x20000064        0x0 app.o
                0x20000064                . = ALIGN (0x4)

.bss            0x20000064        0x0 load address 0x08000250
                0x20000064                _sbss = .
 *(.bss)
 .bss           0x20000064        0x0 app.o
 .bss           0x20000064        0x0 startup_stm32f103xxx.o
 .bss           0x20000064        0x0 uart.o
 *(.bss*)
                0x20000064                . = ALIGN (0x4)
                0x20000064                _ebss = .

._user_heap_stack
                0x20000064      0x604 load address 0x08000250
                0x20000068                . = ALIGN (0x8)
 *fill*         0x20000064        0x4 
                0x20000268                . = (. + _Min_Heap_Size)
 *fill*         0x20000068      0x200 
                0x20000668                . = (. + _Min_Stack_Size)
 *fill*         0x20000268      0x400 
                0x20000668                . = ALIGN (0x8)
LOAD app.o
LOAD startup_stm32f103xxx.o
LOAD uart.o
OUTPUT(Application.elf elf32-littlearm)
LOAD linker stubs

.debug_info     0x00000000      0x237
 .debug_info    0x00000000       0x6e app.o
 .debug_info    0x0000006e      0x16b startup_stm32f103xxx.o
 .debug_info    0x000001d9       0x5e uart.o

.debug_abbrev   0x00000000      0x184
 .debug_abbrev  0x00000000       0x5e app.o
 .debug_abbrev  0x0000005e       0xd1 startup_stm32f103xxx.o
 .debug_abbrev  0x0000012f       0x55 uart.o

.debug_loc      0x00000000      0x104
 .debug_loc     0x00000000       0x2c app.o
 .debug_loc     0x0000002c       0x7c startup_stm32f103xxx.o
 .debug_loc     0x000000a8       0x5c uart.o

.debug_aranges  0x00000000       0x60
 .debug_aranges
                0x00000000       0x20 app.o
 .debug_aranges
                0x00000020       0x20 startup_stm32f103xxx.o
 .debug_aranges
                0x00000040       0x20 uart.o

.debug_line     0x00000000      0x145
 .debug_line    0x00000000       0x3b app.o
 .debug_line    0x0000003b       0xbc startup_stm32f103xxx.o
 .debug_line    0x000000f7       0x4e uart.o

.debug_str      0x00000000      0x1a8
 .debug_str     0x00000000       0xc0 app.o
                                 0xcd (size before relaxing)
 .debug_str     0x000000c0       0xc4 startup_stm32f103xxx.o
                                0x16a (size before relaxing)
 .debug_str     0x00000184       0x24 uart.o
                                 0xcb (size before relaxing)

.comment        0x00000000       0x4d
 .comment       0x00000000       0x4d app.o
                                 0x4e (size before relaxing)
 .comment       0x0000004d       0x4e startup_stm32f103xxx.o
 .comment       0x0000004d       0x4e uart.o

.ARM.attributes
                0x00000000       0x2d
 .ARM.attributes
                0x00000000       0x2d app.o
 .ARM.attributes
                0x0000002d       0x2d startup_stm32f103xxx.o
 .ARM.attributes
                0x0000005a       0x2d uart.o

.debug_frame    0x00000000       0xb4
 .debug_frame   0x00000000       0x2c app.o
 .debug_frame   0x0000002c       0x50 startup_stm32f103xxx.o
 .debug_frame   0x0000007c       0x38 uart.o
