
Memory Configuration

Name             Origin             Length             Attributes
flash            0x00000000         0x20000000         xr
sram             0x20000000         0x20000000         xrw
*default*        0x00000000         0xffffffff

Linker script and memory map


.text           0x00000000      0x138
 *(.vectors*)
 .vectors       0x00000000       0x10 startup_stm32f103xxx.o
                0x00000000                p_fn_Vectors
 *(.text*)
 .text          0x00000010       0x98 main.o
                0x00000010                main
 .text          0x000000a8       0x90 startup_stm32f103xxx.o
                0x000000a8                H_fault_Handler
                0x000000a8                Default_Handler
                0x000000a8                NMI_Handler
                0x000000b4                Reset_Handler
 *(.rodata)
                0x00000138                . = ALIGN (0x4)
                0x00000138                _E_text = .

.glue_7         0x00000138        0x0
 .glue_7        0x00000138        0x0 linker stubs

.glue_7t        0x00000138        0x0
 .glue_7t       0x00000138        0x0 linker stubs

.vfp11_veneer   0x00000138        0x0
 .vfp11_veneer  0x00000138        0x0 linker stubs

.v4_bx          0x00000138        0x0
 .v4_bx         0x00000138        0x0 linker stubs

.iplt           0x00000138        0x0
 .iplt          0x00000138        0x0 startup_stm32f103xxx.o

.rel.dyn        0x00000138        0x0
 .rel.iplt      0x00000138        0x0 startup_stm32f103xxx.o

.data           0x20000000        0x0 load address 0x00000138
                0x20000000                _S_DATA = .
 *(.data)
 .data          0x20000000        0x0 main.o
 .data          0x20000000        0x0 startup_stm32f103xxx.o
                0x20000000                . = ALIGN (0x4)
                0x20000000                _E_DATA = .

.igot.plt       0x20000000        0x0 load address 0x00000138
 .igot.plt      0x20000000        0x0 startup_stm32f103xxx.o

.bss            0x20000000      0x400 load address 0x00000138
                0x20000000                _S_bss = .
 *(.bss)
 .bss           0x20000000        0x0 main.o
 .bss           0x20000000      0x400 startup_stm32f103xxx.o
 *(COMMON)
                0x20000400                . = ALIGN (0x4)
                0x20000400                _E_bss = .
LOAD main.o
LOAD startup_stm32f103xxx.o
OUTPUT(Application.elf elf32-littlearm)
LOAD linker stubs

.debug_info     0x00000000      0x20d
 .debug_info    0x00000000       0x53 main.o
 .debug_info    0x00000053      0x1ba startup_stm32f103xxx.o

.debug_abbrev   0x00000000      0x145
 .debug_abbrev  0x00000000       0x4c main.o
 .debug_abbrev  0x0000004c       0xf9 startup_stm32f103xxx.o

.debug_aranges  0x00000000       0x40
 .debug_aranges
                0x00000000       0x20 main.o
 .debug_aranges
                0x00000020       0x20 startup_stm32f103xxx.o

.debug_line     0x00000000      0x15d
 .debug_line    0x00000000       0x82 main.o
 .debug_line    0x00000082       0xdb startup_stm32f103xxx.o

.debug_str      0x00000000      0x197
 .debug_str     0x00000000       0xa2 main.o
 .debug_str     0x000000a2       0xf5 startup_stm32f103xxx.o
                                0x1b9 (size before relaxing)

.comment        0x00000000       0x4d
 .comment       0x00000000       0x4d main.o
                                 0x4e (size before relaxing)
 .comment       0x0000004d       0x4e startup_stm32f103xxx.o

.ARM.attributes
                0x00000000       0x2e
 .ARM.attributes
                0x00000000       0x2e main.o
 .ARM.attributes
                0x0000002e       0x2e startup_stm32f103xxx.o

.debug_frame    0x00000000       0x7c
 .debug_frame   0x00000000       0x2c main.o
 .debug_frame   0x0000002c       0x50 startup_stm32f103xxx.o
